\BOOKMARK [1][-]{section.1}{\376\377\000I\000n\000t\000r\000o\000d\000u\000c\000t\000i\000o\000n}{}% 1
\BOOKMARK [1][-]{section.2}{\376\377\000R\000e\000l\000a\000t\000e\000d\000\040\000w\000o\000r\000k}{}% 2
\BOOKMARK [1][-]{section.3}{\376\377\000M\000o\000D\000A\000:\000\040\000M\000o\000d\000e\000-\000C\000o\000n\000d\000i\000t\000i\000o\000n\000e\000d\000\040\000D\000i\000v\000e\000r\000s\000i\000t\000y\000\040\000A\000l\000i\000g\000n\000m\000e\000n\000t\000\040\000f\000o\000r\000\040\000L\000L\000M\000s}{}% 3
\BOOKMARK [2][-]{subsection.3.1}{\376\377\000P\000r\000e\000l\000i\000m\000i\000n\000a\000r\000i\000e\000s\000:\000\040\000L\000L\000M\000\040\000R\000L\000\040\000P\000o\000s\000t\000-\000T\000r\000a\000i\000n\000i\000n\000g\000\040\000a\000n\000d\000\040\000M\000o\000d\000e\000\040\000C\000o\000l\000l\000a\000p\000s\000e}{section.3}% 4
\BOOKMARK [2][-]{subsection.3.2}{\376\377\000M\000u\000l\000t\000i\000-\000A\000g\000e\000n\000t\000\040\000R\000e\000i\000n\000f\000o\000r\000c\000e\000m\000e\000n\000t\000\040\000L\000e\000a\000r\000n\000i\000n\000g\000\040\000\050\000M\000A\000R\000L\000\051\000-\000I\000n\000s\000p\000i\000r\000e\000d\000\040\000M\000o\000d\000e\000\040\000C\000o\000n\000d\000i\000t\000i\000o\000n\000i\000n\000g}{section.3}% 5
\BOOKMARK [2][-]{subsection.3.3}{\376\377\000Q\000u\000a\000l\000i\000t\000y\000-\000G\000a\000t\000e\000d\000\040\000D\000i\000v\000e\000r\000s\000i\000t\000y\000\040\000R\000e\000w\000a\000r\000d}{section.3}% 6
\BOOKMARK [1][-]{section.4}{\376\377\000E\000x\000p\000e\000r\000i\000m\000e\000n\000t\000s}{}% 7
\BOOKMARK [2][-]{subsection.4.1}{\376\377\000B\000a\000s\000e\000l\000i\000n\000e\000s}{section.4}% 8
\BOOKMARK [2][-]{subsection.4.2}{\376\377\000T\000r\000a\000i\000n\000i\000n\000g\000\040\000D\000a\000t\000a}{section.4}% 9
\BOOKMARK [2][-]{subsection.4.3}{\376\377\000G\000e\000n\000e\000r\000a\000t\000i\000v\000e\000\040\000D\000i\000v\000e\000r\000s\000i\000t\000y\000\040\000E\000v\000a\000l\000u\000a\000t\000i\000o\000n}{section.4}% 10
\BOOKMARK [2][-]{subsection.4.4}{\376\377\000G\000e\000n\000e\000r\000a\000l\000\040\000C\000a\000p\000a\000b\000i\000l\000i\000t\000y\000\040\000R\000e\000t\000e\000n\000t\000i\000o\000n\000\040\000E\000v\000a\000l\000u\000a\000t\000i\000o\000n}{section.4}% 11
\BOOKMARK [1][-]{section.5}{\376\377\000R\000e\000s\000u\000l\000t\000s}{}% 12
\BOOKMARK [2][-]{subsection.5.1}{\376\377\000Q\000u\000a\000l\000i\000t\000a\000t\000i\000v\000e\000\040\000R\000e\000s\000u\000l\000t\000s}{section.5}% 13
\BOOKMARK [2][-]{subsection.5.2}{\376\377\000A\000b\000l\000a\000t\000i\000o\000n\000\040\000S\000t\000u\000d\000i\000e\000s\000.}{section.5}% 14
\BOOKMARK [1][-]{section.6}{\376\377\000D\000i\000s\000c\000u\000s\000s\000i\000o\000n\000s}{}% 15
\BOOKMARK [1][-]{section*.17}{\376\377\000A\000p\000p\000e\000n\000d\000i\000c\000e\000s}{}% 16
\BOOKMARK [1][-]{appendix.1.A}{\376\377\000L\000i\000m\000i\000t\000a\000t\000i\000o\000n\000s\000\040\000a\000n\000d\000\040\000F\000u\000t\000u\000r\000e\000\040\000W\000o\000r\000k}{}% 17
\BOOKMARK [1][-]{appendix.1.B}{\376\377\000P\000o\000l\000i\000c\000y\000\040\000O\000p\000t\000i\000m\000i\000z\000a\000t\000i\000o\000n\000\040\000a\000n\000d\000\040\000A\000l\000g\000o\000r\000i\000t\000h\000m}{}% 18
\BOOKMARK [2][-]{subsection.1.B.1}{\376\377\000P\000o\000l\000i\000c\000y\000\040\000O\000p\000t\000i\000m\000i\000z\000a\000t\000i\000o\000n}{appendix.1.B}% 19
\BOOKMARK [2][-]{subsection.1.B.2}{\376\377\000A\000l\000g\000o\000r\000i\000t\000h\000m}{appendix.1.B}% 20
\BOOKMARK [1][-]{appendix.1.C}{\376\377\000I\000m\000p\000l\000e\000m\000e\000n\000t\000a\000t\000i\000o\000n}{}% 21
\BOOKMARK [2][-]{subsection.1.C.1}{\376\377\000O\000v\000e\000r\000v\000i\000e\000w}{appendix.1.C}% 22
\BOOKMARK [2][-]{subsection.1.C.2}{\376\377\000A\000b\000l\000a\000t\000i\000o\000n\000\040\000M\000o\000d\000e\000l\000\040\000I\000m\000p\000l\000e\000m\000e\000n\000t\000a\000t\000i\000o\000n\000s}{appendix.1.C}% 23
\BOOKMARK [2][-]{subsection.1.C.3}{\376\377\000D\000a\000t\000a\000s\000e\000t}{appendix.1.C}% 24
\BOOKMARK [2][-]{subsection.1.C.4}{\376\377\000D\000i\000s\000c\000r\000i\000m\000i\000n\000a\000t\000o\000r}{appendix.1.C}% 25
\BOOKMARK [2][-]{subsection.1.C.5}{\376\377\000T\000r\000a\000i\000n\000i\000n\000g\000\040\000C\000u\000r\000v\000e}{appendix.1.C}% 26
\BOOKMARK [1][-]{appendix.1.D}{\376\377\000A\000d\000d\000i\000t\000i\000o\000n\000a\000l\000\040\000E\000x\000p\000e\000r\000i\000m\000e\000n\000t\000\040\000R\000e\000s\000u\000l\000t\000s}{}% 27
\BOOKMARK [2][-]{subsection.1.D.1}{\376\377\000G\000e\000n\000e\000r\000a\000t\000i\000v\000e\000\040\000D\000i\000v\000e\000r\000s\000i\000t\000y\000\040\000E\000v\000a\000l\000u\000a\000t\000i\000o\000n\000.}{appendix.1.D}% 28
\BOOKMARK [2][-]{subsection.1.D.2}{\376\377\000G\000e\000n\000e\000r\000a\000l\000\040\000C\000a\000p\000a\000b\000i\000l\000i\000t\000y\000\040\000R\000e\000t\000e\000n\000t\000i\000o\000n}{appendix.1.D}% 29
\BOOKMARK [2][-]{subsection.1.D.3}{\376\377\000A\000b\000l\000a\000t\000i\000o\000n\000\040\000R\000e\000s\000u\000l\000t\000s}{appendix.1.D}% 30
\BOOKMARK [1][-]{appendix.1.E}{\376\377\000B\000e\000n\000c\000h\000m\000a\000r\000k\000\040\000D\000e\000s\000c\000r\000i\000p\000t\000i\000o\000n\000s}{}% 31
\BOOKMARK [2][-]{subsection.1.E.1}{\376\377\000D\000i\000v\000e\000r\000s\000i\000t\000y\000\040\000M\000e\000t\000r\000i\000c\000s}{appendix.1.E}% 32
\BOOKMARK [2][-]{subsection.1.E.2}{\376\377\000G\000e\000n\000e\000r\000a\000l\000\040\000C\000a\000p\000a\000b\000i\000l\000i\000t\000y\000\040\000R\000e\000t\000e\000n\000t\000i\000o\000n}{appendix.1.E}% 33
\BOOKMARK [2][-]{subsection.1.E.3}{\376\377\000D\000o\000m\000a\000i\000n\000\040\000A\000p\000p\000l\000i\000c\000a\000t\000i\000o\000n\000\040\000T\000a\000s\000k\000s}{appendix.1.E}% 34
\BOOKMARK [1][-]{appendix.1.F}{\376\377\000G\000e\000n\000e\000r\000a\000t\000i\000o\000n\000\040\000E\000x\000a\000m\000p\000l\000e\000s}{}% 35
\BOOKMARK [1][-]{appendix.1.G}{\376\377\000E\000x\000t\000e\000n\000d\000e\000d\000\040\000R\000e\000l\000a\000t\000e\000d\000\040\000W\000o\000r\000k\000:\000\040\000M\000e\000t\000h\000o\000d\000\040\000C\000o\000m\000p\000a\000r\000i\000s\000o\000n}{}% 36
